// Jest Snapshot v1, https://goo.gl/fbAQLP

exports[`Check if all components are rendered renders correctly 1`] = `<div />`;
